Microsoft (R) Macro Assembler Version 14.27.29111.0	    10/16/20 11:08:24
ActivityWeek10.asm					     Page 1 - 1


				; Activity Week 10 - Maria Camila Lenis
				; Stack

				.386
				.model flat,stdcall
				.stack 4096
				ExitProcess proto,dwExitCode:dword

 00000000			.data 
 00000000 0001			A dw 1
				option casemap : none
 00000000			.code
 00000000			start:
				;{
 00000000  8D 4C 24 04		        lea     ecx, [esp+4]
 00000004  83 E4 F0		        and     esp, -16
 00000007  FF 71 FC		        push    DWORD PTR [ecx-4]
 0000000A  55			        push    ebp
 0000000B  8B EC		        mov     ebp, esp
 0000000D  51			        push    ecx
 0000000E  83 EC 04		        sub     esp, 4
				;A=FuncInc(A);        
 00000011  A1 00000000 R	        mov     eax, DWORD PTR [A]
 00000016  83 EC 0C		        sub     esp, 12
 00000019  50			        push    eax
 0000001A  E8 00000017		        call    FuncInc_int
 0000001F  83 C4 10		        add     esp, 16
 00000022  A3 00000000 R	        mov     DWORD PTR [A], eax
				   ;}     
 00000027  B8 00000000		        mov     eax, 0
 0000002C  8B 4D FC		        mov     ecx, DWORD PTR [ebp-4]
				        ;leave
 0000002F  8B E5		        mov     esp,ebp
 00000031  5D			        pop     ebp
				        
 00000032  8D 61 FC		        lea     esp, [ecx-4]
 00000035  C3			        ret
				        
 00000036			FuncInc_int:   ;int FuncInc(int var){
 00000036  55			        push    ebp
 00000037  8B EC		        mov     ebp, esp
 00000039  8B 45 08		        mov     eax, DWORD PTR [ebp+8]
 0000003C  83 C0 02		        add     eax, 2      ;return var+2;
 0000003F  5D			        pop     ebp
 00000040  C3			        ret        
				    end start
Microsoft (R) Macro Assembler Version 14.27.29111.0	    10/16/20 11:08:24
ActivityWeek10.asm					     Symbols 2 - 1




Segments and Groups:

                N a m e                 Size     Length   Align   Combine Class

FLAT . . . . . . . . . . . . . .	GROUP
STACK  . . . . . . . . . . . . .	32 Bit	 00001000 DWord	  Stack	  'STACK'	 
_DATA  . . . . . . . . . . . . .	32 Bit	 00000002 DWord	  Public  'DATA'	
_TEXT  . . . . . . . . . . . . .	32 Bit	 00000041 DWord	  Public  'CODE'	


Procedures, parameters, and locals:

                N a m e                 Type     Value    Attr

ExitProcess  . . . . . . . . . .	P Near	 00000000 FLAT	Length= 00000000 External STDCALL


Symbols:

                N a m e                 Type     Value    Attr

@CodeSize  . . . . . . . . . . .	Number	 00000000h   
@DataSize  . . . . . . . . . . .	Number	 00000000h   
@Interface . . . . . . . . . . .	Number	 00000003h   
@Model . . . . . . . . . . . . .	Number	 00000007h   
@code  . . . . . . . . . . . . .	Text   	 _TEXT
@data  . . . . . . . . . . . . .	Text   	 FLAT
@fardata?  . . . . . . . . . . .	Text   	 FLAT
@fardata . . . . . . . . . . . .	Text   	 FLAT
@stack . . . . . . . . . . . . .	Text   	 FLAT
A  . . . . . . . . . . . . . . .	Word	 00000000 _DATA	
FuncInc_int  . . . . . . . . . .	L Near	 00000036 _TEXT	
start  . . . . . . . . . . . . .	L Near	 00000000 _TEXT	Public STDCALL

	   0 Warnings
	   0 Errors
